// Jest Snapshot v1, https://goo.gl/fbAQLP

exports[`<Header /> should render and match snapshot 1`] = `
<div
  id="Header"
>
  Header
</div>
`;
